###############################################################################
#                                                                             #
# IAR ARM ELF Linker V5.11.0.50622/W32                  07/Jul/2019  13:30:25 #
# Copyright 2007 IAR Systems. All rights reserved.                            #
#                                                                             #
#    Output file  =  C:\Users\michealming\Desktop\基本功能\Debug\Exe\Demo.out #
#    Map file     =  C:\Users\michealming\Desktop\基本功能\Debug\List\Demo.ma #
#                    p                                                        #
#    Command line =  "C:\Program Files (x86)\IAR Systems\Embedded Workbench   #
#                    5.0 Kickstart\ARM\lib\Luminary\driverlib.a"              #
#                    C:\Users\michealming\Desktop\基本功能\Debug\Obj\SoftI2C. #
#                    o C:\Users\michealming\Desktop\基本功能\Debug\Obj\SoftI2 #
#                    C_CFG.o C:\Users\michealming\Desktop\基本功能\Debug\Obj\ #
#                    key.o C:\Users\michealming\Desktop\基本功能\Debug\Obj\lc #
#                    d_driver.o C:\Users\michealming\Desktop\基本功能\Debug\O #
#                    bj\main.o C:\Users\michealming\Desktop\基本功能\Debug\Ob #
#                    j\startup_ewarm.o C:\Users\michealming\Desktop\基本功能\ #
#                    Debug\Obj\systemInit.o C:\Users\michealming\Desktop\基本 #
#                    功能\Debug\Obj\uartGetPut.o -o                           #
#                    C:\Users\michealming\Desktop\基本功能\Debug\Exe\Demo.out #
#                     --map C:\Users\michealming\Desktop\基本功能\Debug\List\ #
#                    Demo.map --config "C:\Program Files (x86)\IAR            #
#                    Systems\Embedded Workbench 5.0                           #
#                    Kickstart\ARM\config\Luminary\LM3S.icf" --semihosting    #
#                    --entry __iar_program_start                              #
#                                                                             #
#                                                                             #
###############################################################################

*******************************************************************************
*** RUNTIME MODEL ATTRIBUTES
***

__endian      = little
__thumb_aware = enabled


*******************************************************************************
*** PLACEMENT SUMMARY
***

"A1":  place at start of [mem:0x0-mem:0x3ffff] { ro section .intvec };
"P1":  place in [from mem:0x0 to mem:0x3ffff] { ro };
"P2":  place in [from mem:0x20000000 to mem:0x2000ffff] { rw, block HEAP };

  Section            Kind        Address    Size  Object
  -------            ----        -------    ----  ------
"A1":                                       0xf0
  .intvec            const    0x00000000    0xf0  startup_ewarm.o [1]
                            - 0x000000f0    0xf0

"P1":                                     0x3574
  .text              ro code  0x000000f0   0xeca  xprintffull.o [3]
  .text              ro code  0x00000fbc   0xce8  main.o [1]
  .text              ro code  0x00001ca4   0x318  sysctl.o [4]
  .text              ro code  0x00001fbc   0x288  DblDiv.o [5]
  .text              ro code  0x00002244   0x234  gpio.o [4]
  .text              ro code  0x00002478   0x1fc  lcd_driver.o [1]
  .text              ro code  0x00002674   0x1bc  ABImemcpy.o [5]
  .text              ro code  0x00002830   0x1a2  DblMul.o [5]
  .text              ro code  0x000029d4   0x180  DblSub.o [5]
  .text              ro code  0x00002b54   0x114  xdscale.o [3]
  .text              ro code  0x00002c68    0xe8  DblAdd.o [5]
  .text              ro code  0x00002d50    0xd0  I64DivMod.o [5]
  .text              ro code  0x00002e20    0xaa  xdnorm.o [3]
  .text              ro code  0x00002ecc    0xa4  timer.o [4]
  .text              ro code  0x00002f70    0x96  DblToFlt.o [5]
  .text              ro code  0x00003008    0x94  SoftI2C_CFG.o [1]
  .text              ro code  0x0000309c    0x94  uart.o [4]
  .text              ro code  0x00003130    0x88  interrupt.o [4]
  .text              ro code  0x000031b8    0x74  key.o [1]
  .text              ro code  0x0000322c    0x64  uartGetPut.o [1]
  .rodata            const    0x00003290    0x5c  sysctl.o [4]
  .text              ro code  0x000032ec    0x56  DblToI32.o [5]
  .text              ro code  0x00003344    0x52  FltToDbl.o [5]
  .text              ro code  0x00003398    0x38  DblSubNrml.o [5]
  .text              ro code  0x000033d0    0x34  sprintf.o [3]
  .text              ro code  0x00003404    0x30  DblCmpLe.o [5]
  .text              ro code  0x00003434    0x30  DblCmpGe.o [5]
  .text              ro code  0x00003464    0x2e  I32ToDbl.o [5]
  .text              ro code  0x00003494    0x2c  SoftI2C.o [1]
  .text              ro code  0x000034c0    0x24  data_init.o [5]
  .iar.init_table    const    0x000034e4    0x20  - Linker created -
  .text              ro code  0x00003504    0x18  cmain.o [5]
  .text              ro code  0x0000351c    0x18  memchr.o [5]
  .text              ro code  0x00003534    0x16  div.o [3]
  .rodata            const    0x0000354c    0x14  main.o [1]
  .rodata            const    0x00003560    0x14  main.o [1]
  .rodata            const    0x00003574    0x14  main.o [1]
  .text              ro code  0x00003588    0x14  I32DivMod.o [5]
  .text              ro code  0x0000359c    0x14  strchr.o [5]
  CODE               ro code  0x000035b0    0x14  cpu.o [4]
  .text              ro code  0x000035c4    0x10  exit.o [6]
  .text              ro code  0x000035d4    0x10  copy_init.o [5]
  .text              ro code  0x000035e4     0xe  strlen.o [5]
  .text              ro code  0x000035f4     0xe  zero_init.o [5]
  .rodata            const    0x00003604     0xc  sysctl.o [4]
  .text              ro code  0x00003610     0xa  startup_ewarm.o [1]
  .text              ro code  0x0000361c     0xa  xsprout.o [3]
  .text              ro code  0x00003628     0xa  cexit.o [5]
  .rodata            const    0x00003634     0x8  xprintffull.o [3]
  .text              ro code  0x0000363c     0x8  exit.o [3]
  .text              ro code  0x00003644     0x4  low_level_init.o [3]
  .text              ro code  0x00003648     0x2  IntDivZer.o [5]
  .text              ro code  0x0000364c     0x2  I64DivZer.o [5]
  Initializer bytes  ro data  0x00003650    0x14  <for P2-1>
                            - 0x00003664  0x3574

"P2", part 1 of 3:                         0x400
  .noinit            uninit   0x20000000   0x400  startup_ewarm.o [1]
                            - 0x20000400   0x400

"P2", part 2 of 3:                         0x144
  .bss               zero     0x20000400    0x38  main.o [1]
  .bss               zero     0x20000438    0x38  main.o [1]
  .bss               zero     0x20000470    0x20  main.o [1]
  .bss               zero     0x20000490    0x20  main.o [1]
  .bss               zero     0x200004b0    0x20  main.o [1]
  .bss               zero     0x200004d0     0xc  main.o [1]
  .bss               zero     0x200004e0     0x8  main.o [1]
  .bss               zero     0x200004e8     0x8  main.o [1]
  .bss               zero     0x200004f0     0x8  main.o [1]
  .bss               zero     0x200004f8     0x8  main.o [1]
  .bss               zero     0x20000500     0x8  main.o [1]
  .bss               zero     0x20000508     0x4  main.o [1]
  .bss               zero     0x2000050c     0x4  main.o [1]
  .bss               zero     0x20000510     0x4  main.o [1]
  .bss               zero     0x20000514     0x4  main.o [1]
  .bss               zero     0x20000518     0x4  main.o [1]
  .bss               zero     0x2000051c     0x4  main.o [1]
  .bss               zero     0x20000520     0x4  main.o [1]
  .bss               zero     0x20000524     0x4  main.o [1]
  .bss               zero     0x20000528     0x4  main.o [1]
  .bss               zero     0x2000052c     0x4  main.o [1]
  .bss               zero     0x20000530     0x4  main.o [1]
  .bss               zero     0x20000534     0x4  main.o [1]
  .bss               zero     0x20000538     0x4  main.o [1]
  .bss               zero     0x2000053c     0x4  main.o [1]
  .bss               zero     0x20000540     0x1  main.o [1]
                            - 0x20000541   0x141

"P2", part 3 of 3:                          0x14
  P2-1                        0x20000544    0x14  <Init block>
    .data            inited   0x20000544     0x4  main.o [1]
    .data            inited   0x20000548     0x4  main.o [1]
    .data            inited   0x2000054c     0x4  main.o [1]
    .data            inited   0x20000550     0x4  main.o [1]
    .data            inited   0x20000554     0x4  main.o [1]
                            - 0x20000558    0x14


*******************************************************************************
*** MODULE SUMMARY
***

    Module            ro code  ro data  rw data
    ------            -------  -------  -------
C:\Users\michealming\Desktop\基本功能\Debug\Obj: [1]
    SoftI2C.o              44
    SoftI2C_CFG.o         148
    key.o                 116
    lcd_driver.o          508
    main.o              3 304       80      337
    startup_ewarm.o        10      240    1 024
    uartGetPut.o          100
    -------------------------------------------
    Total:              4 230      320    1 361

command line: [2]
    -------------------------------------------
    Total:

dl7M_tl_in.a: [3]
    div.o                  22
    exit.o                  8
    low_level_init.o        4
    sprintf.o              52
    xdnorm.o              170
    xdscale.o             276
    xprintffull.o       3 786        8
    xsprout.o              10
    -------------------------------------------
    Total:              4 328        8

driverlib.a: [4]
    cpu.o                  20
    gpio.o                564
    interrupt.o           136
    sysctl.o              792      104
    timer.o               164
    uart.o                148
    -------------------------------------------
    Total:              1 824      104

rt7M_tl.a: [5]
    ABImemcpy.o           444
    DblAdd.o              232
    DblCmpGe.o             48
    DblCmpLe.o             48
    DblDiv.o              648
    DblMul.o              418
    DblSub.o              384
    DblSubNrml.o           56
    DblToFlt.o            150
    DblToI32.o             86
    FltToDbl.o             82
    I32DivMod.o            20
    I32ToDbl.o             46
    I64DivMod.o           208
    I64DivZer.o             2
    IntDivZer.o             2
    cexit.o                10
    cmain.o                24
    copy_init.o            16
    data_init.o            36
    memchr.o               24
    strchr.o               20
    strlen.o               14
    zero_init.o            14
    -------------------------------------------
    Total:              3 032

shb_l.a: [6]
    exit.o                 16
    -------------------------------------------
    Total:                 16

    Gaps                   22        6        4
    Linker created                  32
-----------------------------------------------
    Grand Total:       13 452      470    1 365


*******************************************************************************
*** ENTRY LIST
***

Entry                      Address   Size  Type      Object
-----                      -------   ----  ----      ------
Back                    0x00001961   0x3c  Code  Gb  main.o [1]
CPUcpsid                0x000035b1         Code  Gb  cpu.o [4]
CPUcpsie                0x000035b9         Code  Gb  cpu.o [4]
CPUwfi                  0x000035c1         Code  Gb  cpu.o [4]
Ddata_A                 0x20000514    0x4  Data  Gb  main.o [1]
Ddata_X                 0x2000050c    0x4  Data  Gb  main.o [1]
Delay                   0x00001ac9   0x12  Code  Gb  main.o [1]
Error                   0x200004e0    0x8  Data  Gb  main.o [1]
Error_A                 0x2000053c    0x4  Data  Gb  main.o [1]
Error_Y                 0x20000538    0x4  Data  Gb  main.o [1]
Error_a                 0x200004e8    0x8  Data  Gb  main.o [1]
Error_x                 0x200004f0    0x8  Data  Gb  main.o [1]
FaultISR                0x00003615    0x2  Code  Lc  startup_ewarm.o [1]
Front                   0x00001925   0x3c  Code  Gb  main.o [1]
Fun_1                   0x00001251  0x1f4  Code  Gb  main.o [1]
Fun_2                   0x00001445  0x1d0  Code  Gb  main.o [1]
GPIODirModeSet          0x00002245   0x4c  Code  Gb  gpio.o [4]
GPIOPadConfigSet        0x00002291  0x11e  Code  Gb  gpio.o [4]
GPIOPinRead             0x000023b1    0x8  Code  Gb  gpio.o [4]
GPIOPinTypeGPIOInput    0x000023c5   0x24  Code  Gb  gpio.o [4]
GPIOPinTypeGPIOOutput   0x000023e9   0x24  Code  Gb  gpio.o [4]
GPIOPinTypeGPIOOutputOD
                        0x0000240d   0x24  Code  Gb  gpio.o [4]
GPIOPinTypeTimer        0x00002431   0x24  Code  Gb  gpio.o [4]
GPIOPinTypeUART         0x00002455   0x24  Code  Gb  gpio.o [4]
GPIOPinWrite            0x000023b9    0xa  Code  Gb  gpio.o [4]
I2C_Init                0x00003495   0x2a  Code  Gb  SoftI2C.o [1]
I2C_PinEnableSCL        0x00003019    0xc  Code  Gb  SoftI2C_CFG.o [1]
I2C_PinEnableSDA        0x00003059    0xc  Code  Gb  SoftI2C_CFG.o [1]
I2C_PinTypeOutSCL       0x00003025   0x10  Code  Gb  SoftI2C_CFG.o [1]
I2C_PinTypeOutSDA       0x00003069   0x10  Code  Gb  SoftI2C_CFG.o [1]
I2C_PinWriteSCL         0x00003035   0x24  Code  Gb  SoftI2C_CFG.o [1]
I2C_PinWriteSDA         0x00003079   0x24  Code  Gb  SoftI2C_CFG.o [1]
I2C_TimeDelay           0x00003009    0xe  Code  Gb  SoftI2C_CFG.o [1]
Idata_A                 0x20000510    0x4  Data  Gb  main.o [1]
Idata_X                 0x20000508    0x4  Data  Gb  main.o [1]
IncPIDInit              0x00000fbd   0xbe  Code  Gb  main.o [1]
Infrar_Init             0x000017d5   0x54  Code  Gb  main.o [1]
IntDefaultHandler       0x00003619    0x2  Code  Lc  startup_ewarm.o [1]
IntEnable               0x0000313d   0x74  Code  Gb  interrupt.o [4]
IntMasterEnable         0x00003131    0xc  Code  Gb  interrupt.o [4]
JTAG_Wait               0x0000109d   0x28  Code  Gb  main.o [1]
KEY_Get                 0x000031ed   0x38  Code  Gb  key.o [1]
KEY_Init                0x000031b9   0x34  Code  Gb  key.o [1]
Left_B                  0x00001a8d   0x3c  Code  Gb  main.o [1]
Left_F                  0x00001a15   0x3c  Code  Gb  main.o [1]
Moto_Init               0x00001829   0xfc  Code  Gb  main.o [1]
N                       0x20000524    0x4  Data  Gb  main.o [1]
NmiSR                   0x00003611    0x2  Code  Lc  startup_ewarm.o [1]
PIDCal                  0x00001b75  0x130  Code  Gb  main.o [1]
PIDCalc                 0x00001add   0x98  Code  Gb  main.o [1]
Pdata_A                 0x20000550    0x4  Data  Gb  main.o [1]
Pdata_X                 0x2000054c    0x4  Data  Gb  main.o [1]
Re_buf                  0x200004d0    0xc  Data  Gb  main.o [1]
Region$$Table$$Base     0x000034e4         Data  Gb  - Linker created -
Region$$Table$$Limit    0x00003504         Data  Gb  - Linker created -
Right_B                 0x00001a51   0x3c  Code  Gb  main.o [1]
Right_F                 0x000019d9   0x3c  Code  Gb  main.o [1]
Stay                    0x0000199d   0x3c  Code  Gb  main.o [1]
SysCtlClockGet          0x00001e71  0x14c  Code  Gb  sysctl.o [4]
SysCtlClockSet          0x00001d01  0x170  Code  Gb  sysctl.o [4]
SysCtlDelay             0x00001cf9    0x8  Code  Gb  sysctl.o [4]
SysCtlPeripheralDisable
                        0x00001ccd   0x26  Code  Gb  sysctl.o [4]
SysCtlPeripheralEnable  0x00001ca5   0x26  Code  Gb  sysctl.o [4]
SystemInit              0x000010cd   0x20  Code  Gb  main.o [1]
T1                      0x20000528    0x4  Data  Gb  main.o [1]
T3                      0x2000052c    0x4  Data  Gb  main.o [1]
T_B                     0x20000534    0x4  Data  Gb  main.o [1]
T_F                     0x20000530    0x4  Data  Gb  main.o [1]
TheSysClock             0x20000554    0x4  Data  Gb  main.o [1]
Ti1                     0x20000518    0x4  Data  Gb  main.o [1]
Ti2                     0x2000051c    0x4  Data  Gb  main.o [1]
Ti3                     0x20000520    0x4  Data  Gb  main.o [1]
Time_Init               0x000010f1   0x50  Code  Gb  main.o [1]
Timer0A_ISR             0x00001615   0xa0  Code  Gb  main.o [1]
TimerConfigure          0x00002edd   0x1c  Code  Gb  timer.o [4]
TimerControlLevel       0x00002ef9   0x20  Code  Gb  timer.o [4]
TimerEnable             0x00002ecd    0xc  Code  Gb  timer.o [4]
TimerIntClear           0x00002f6d    0x4  Code  Gb  timer.o [4]
TimerIntEnable          0x00002f55    0x8  Code  Gb  timer.o [4]
TimerIntStatus          0x00002f5d    0xe  Code  Gb  timer.o [4]
TimerLoadSet            0x00002f2d   0x12  Code  Gb  timer.o [4]
TimerMatchSet           0x00002f41   0x12  Code  Gb  timer.o [4]
TimerPrescaleSet        0x00002f19   0x12  Code  Gb  timer.o [4]
UART0_ISR               0x000016b5  0x120  Code  Gb  main.o [1]
UARTCharGet             0x00003109    0xa  Code  Gb  uart.o [4]
UARTConfigSetExpClk     0x0000309d   0x38  Code  Gb  uart.o [4]
UARTDisable             0x000030ed   0x1c  Code  Gb  uart.o [4]
UARTEnable              0x000030d5   0x18  Code  Gb  uart.o [4]
UARTIntClear            0x0000312d    0x4  Code  Gb  uart.o [4]
UARTIntEnable           0x00003115    0x8  Code  Gb  uart.o [4]
UARTIntStatus           0x0000311d    0xe  Code  Gb  uart.o [4]
_GenldDefault           0x00000d09  0x278  Code  Lc  xprintffull.o [3]
_LdtobDefault           0x0000089d  0x46c  Code  Lc  xprintffull.o [3]
_LitobDefault           0x0000079d  0x100  Code  Lc  xprintffull.o [3]
_Printf                 0x000000f1  0x6ac  Code  Gb  xprintffull.o [3]
_PutcharsDefault        0x00000f81   0x3a  Code  Lc  xprintffull.o [3]
_SProut                 0x0000361d    0xa  Code  Gb  xsprout.o [3]
__aeabi_cdcmple         0x00003405         Code  Gb  DblCmpLe.o [5]
__aeabi_cdrcmple        0x00003435         Code  Gb  DblCmpGe.o [5]
__aeabi_d2f             0x00002f71         Code  Gb  DblToFlt.o [5]
__aeabi_d2iz            0x000032ed         Code  Gb  DblToI32.o [5]
__aeabi_d2uiz           0x00003319         Code  Gb  DblToI32.o [5]
__aeabi_dadd            0x00002c69         Code  Gb  DblAdd.o [5]
__aeabi_ddiv            0x00001fbd         Code  Gb  DblDiv.o [5]
__aeabi_dmul            0x00002831         Code  Gb  DblMul.o [5]
__aeabi_dsub            0x000029d5         Code  Gb  DblSub.o [5]
__aeabi_f2d             0x00003345         Code  Gb  FltToDbl.o [5]
__aeabi_i2d             0x00003465         Code  Gb  I32ToDbl.o [5]
__aeabi_idiv0           0x00003649         Code  Gb  IntDivZer.o [5]
__aeabi_ldiv0           0x0000364d         Code  Gb  I64DivZer.o [5]
__aeabi_ldivmod         0x00002d85         Code  Gb  I64DivMod.o [5]
__aeabi_memcpy          0x00002675         Code  Gb  ABImemcpy.o [5]
__aeabi_memcpy4         0x0000268f         Code  Gb  ABImemcpy.o [5]
__aeabi_memcpy8         0x0000268f         Code  Gb  ABImemcpy.o [5]
__aeabi_ui2d            0x00003479         Code  Gb  I32ToDbl.o [5]
__aeabi_uidiv           0x00003589         Code  Gb  I32DivMod.o [5]
__aeabi_uidivmod        0x00003589         Code  Gb  I32DivMod.o [5]
__aeabi_uldivmod        0x00002d99         Code  Gb  I64DivMod.o [5]
__exit                  0x000035c5   0x10  Code  Gb  exit.o [6]
__iar_Dnorm             0x00002e21   0xaa  Code  Gb  xdnorm.o [3]
__iar_Dscale            0x00002b55  0x114  Code  Gb  xdscale.o [3]
__iar_Memchr            0x0000351d         Code  Gb  memchr.o [5]
__iar_Strchr            0x0000359d         Code  Gb  strchr.o [5]
__iar_SubNrmlX          0x00003399         Code  Gb  DblSubNrml.o [5]
__iar_SubNrmlY          0x000033b5         Code  Gb  DblSubNrml.o [5]
__iar_copy_init         0x000035d5   0x10  Code  Gb  copy_init.o [5]
__iar_d2uiz             0x00003323         Code  Gb  DblToI32.o [5]
__iar_dadd              0x00002c7b         Code  Gb  DblAdd.o [5]
__iar_data_init         0x000034c1   0x24  Code  Gb  data_init.o [5]
__iar_dsub              0x000029e7         Code  Gb  DblSub.o [5]
__iar_dsubStart         0x000029fb         Code  Gb  DblSub.o [5]
__iar_program_start     0x00003505         Code  Gb  cmain.o [5]
__iar_ui2d              0x0000347b         Code  Gb  I32ToDbl.o [5]
__iar_zero_init         0x000035f5    0xe  Code  Gb  zero_init.o [5]
__low_level_init        0x00003645    0x4  Code  Gb  low_level_init.o [3]
__vector_table          0x00000000   0xf0  Data  Gb  startup_ewarm.o [1]
_exit                   0x00003629         Code  Gb  cexit.o [5]
_main                   0x00003517         Code  Gb  cmain.o [5]
cBuf                    0x20000470   0x20  Data  Gb  main.o [1]
counter                 0x20000540    0x1  Data  Gb  main.o [1]
dBuf                    0x20000490   0x20  Data  Gb  main.o [1]
disp_line               0x0000261d   0x58  Code  Gb  lcd_driver.o [1]
div                     0x00003535   0x16  Code  Gb  div.o [3]
eBuf                    0x200004b0   0x20  Data  Gb  main.o [1]
exit                    0x0000363d    0x8  Code  Gb  exit.o [3]
fptr_A                  0x20000548    0x4  Data  Lc  main.o [1]
fptr_X                  0x20000544    0x4  Data  Lc  main.o [1]
g_pulRCGCRegs           0x00003604    0xc  Data  Lc  sysctl.o [4]
g_pulXtals              0x00003290   0x5c  Data  Lc  sysctl.o [4]
init_lcd                0x00002595   0x84  Code  Gb  lcd_driver.o [1]
main                    0x00001145   0xf8  Code  Gb  main.o [1]
memchr                  0x0000351d         Code  Gb  memchr.o [5]
pulStack                0x20000000  0x400  Data  Lc  startup_ewarm.o [1]
sdelay                  0x00002479    0xa  Code  Gb  lcd_driver.o [1]
send_data               0x00002485   0x70  Code  Gb  lcd_driver.o [1]
sprintf                 0x000033d1   0x34  Code  Gb  sprintf.o [3]
strchr                  0x0000359d         Code  Gb  strchr.o [5]
strlen                  0x000035e5         Code  Gb  strlen.o [5]
uartGetc0               0x0000327d    0xe  Code  Gb  uartGetPut.o [1]
uartInit                0x0000322d   0x50  Code  Gb  uartGetPut.o [1]
ucStrAngle              0x20000500    0x8  Data  Gb  main.o [1]
ucStrw                  0x200004f8    0x8  Data  Gb  main.o [1]
vPID_A                  0x20000438   0x38  Data  Lc  main.o [1]
vPID_X                  0x20000400   0x38  Data  Lc  main.o [1]
write_comm              0x00002545   0x50  Code  Gb  lcd_driver.o [1]
write_data              0x000024f5   0x50  Code  Gb  lcd_driver.o [1]


[1] = C:\Users\michealming\Desktop\基本功能\Debug\Obj
[2] = command line
[3] = dl7M_tl_in.a
[4] = driverlib.a
[5] = rt7M_tl.a
[6] = shb_l.a

  13 452 bytes of readonly  code memory
     470 bytes of readonly  data memory
   1 365 bytes of readwrite data memory

Errors: none
Warnings: none
